// Jest Snapshot v1, https://goo.gl/fbAQLP

exports[`The NavBar should not regress 1`] = `
<header>
  <nav
    className="navbar bg-primary fixed-top"
  >
    <div
      className="container"
    >
      <div
        className="navbar-brand"
      >
        <a
          href="/"
          onClick={[Function]}
        >
          <img
            alt="Authors Haven Logo"
            className="nav-logo"
            src="Authors Haven Logo.jpeg"
          />
        </a>
      </div>
    </div>
  </nav>
</header>
`;
