// Jest Snapshot v1, https://goo.gl/fbAQLP

exports[`The Testimonials should not regress 1`] = `
<div
  className="py-5 text-center bg-light"
>
  <div
    className="container"
  >
    <div
      className="row"
    >
      <div
        className="col-md-12"
      >
        <h1
          className="text-primary"
        >
          Testimonials
        </h1>
        <p
          className="lead"
        >
          We grow together with the community
        </p>
      </div>
    </div>
    <div
      className="row"
    >
      <div
        className="col-md-4 p-4"
      >
        <img
          alt="Chimammanda"
          className="img-fluid rounded-circle testimonial"
          src="face1.jpg"
        />
        <p
          className="my-4"
        >
          <i>
            Lorem ipsum dolor sit amet, consectetuer adipiscing elit. Aenean commodo ligula eget dolor. Aenean massa.
          </i>
        </p>
        <p>
          <b>
            Chimammanda
          </b>
          <br />
          Senior writer
        </p>
      </div>
      <div
        className="col-md-4 p-4"
      >
        <img
          alt="Hoslack"
          className="img-fluid rounded-circle testimonial"
          src="hos.jpg"
        />
        <p
          className="my-4"
        >
          <i>
            Cum sociis natoque penatibus et magnis dis parturient montes, nascetur ridiculus mus. Donec quam felis, ultricies nec.
          </i>
        </p>
        <p>
          <b>
            Hoslack
          </b>
          <br />
          Reader
        </p>
      </div>
      <div
        className="col-md-4 p-4"
      >
        <img
          alt="Ruth"
          className="img-fluid rounded-circle testimonial"
          src="ruth.jpg"
        />
        <p
          className="my-4"
        >
          <i>
            Donec quam felis, ultricies nec, pellentesque eu, pretium quis, sem. Cum sociis natoque penatibus et magnis dis parturient montes.
          </i>
        </p>
        <p>
          <b>
            Ruth
          </b>
          <br />
          Reader
        </p>
      </div>
    </div>
  </div>
</div>
`;
